// Code generated by ...
package basic

func ConvertsrcTodst(src src) (dst dst) {
	dst.foo = src.foo
	dst.x = src.x
	return
}
