// Code generated by ...
package basic

func ConvertbasicSrcTobasicDst(src basicSrc) (dst basicDst) {
	dst.foo = src.foo
	dst.x = src.x
	return
}
