// Code generated by gotypeconverter; DO NOT EDIT.
package named

func ConvertnamedSrcTonamedDst(src namedSrc) (dst namedDst) {
	dst.foo = src.foo
	dst.room = ConvertroomSrcToroomDst(src.room)
	return
}

func ConvertroomSrcToroomDst(src roomSrc) (dst roomDst) {
	dst.room = src.room
	dst.named = make([]namedDst, len(src.named))
	for i := range src.named {
		dst.named[i] = ConvertnamedSrcTonamedDst(src.named[i])
	}
	return
}
