// Code generated by ...
package external

import "github.com/labstack/echo"

func ConvertechoEchoToexternalDst(src echo.Echo) (dst externalDst) {
	dst.Debug = src.Debug
	return
}
