// Code generated by gotypeconverter; DO NOT EDIT.
package external

import "github.com/labstack/echo"

func ConvertSliceechoEchoToexternalDst(src []echo.Echo) (dst externalDst) {
	if len(src) >= 1 {
		dst.Debug = src[0].Debug
	}
	return
}
