// Code generated by gotypeconverter; DO NOT EDIT.
package samename

import (
	"samename/bar"
	"samename/foo"
)

func ConvertbarHogeTofooHoge(src bar.Hoge) (dst foo.Hoge) {
	return
}
