// Code generated by gotypeconverter; DO NOT EDIT.
package pointer

import "time"

func ConvertSlicePointerpointerSrcToSlicePointerpointerDst(src []*pointerSrc) (dst []*pointerDst) {
	dst = make([]*pointerDst, len(src))
	for i := range src {
		(*dst[i]) = ConvertpointerSrcTopointerDst((*src[i]))
	}
	return
}

func ConvertpointerSrcTopointerDst(src pointerSrc) (dst pointerDst) {
	dst.id = src.id
	dst.dstRoomGroup.room = src.room
	dst.dstRoomGroup.group = src.group
	dst.dstModel.createdAt = src.srcModel.createdAt
	(*dst.dstModel.deleteAt) = ConvertdeleteAtTotimeTime(src.srcModel.deleteAt)
	return
}

func ConvertdeleteAtTotimeTime(src deleteAt) (dst time.Time) {
	dst = src.Time
	return
}
