// Code generated by gotypeconverter; DO NOT EDIT.
package structtag

func ConvertstructtagSrcTostructtagDst(src structtagSrc) (dst structtagDst) {
	dst.xxxx = src.x
	dst.read = src.read
	dst.write = src.baz
	return
}
