// Code generated by ...
package slice

func ConvertsliceSrcTosliceDst(src sliceSrc) (dst sliceDst) {
	dst.ns = src.ns[0]
	dst.n = make([]float64, 1)
	dst.n[0] = src.n
	dst.arr.bar = src.arr[0].bar
	dst.strs = src.strs
	dst.sarr = make([]struct {
		bar int
		hii float32
	}, len(src.sarr))
	for i, _ := range src.sarr {
		dst.sarr[i].bar = src.sarr[i].bar
	}
	return
}
