// Code generated by gotypeconverter; DO NOT EDIT.
package slice

func ConvertsliceSrcTosliceDst(src sliceSrc) (dst sliceDst) {
	if len(src.ns) >= 1 {
		dst.ns = src.ns[0]
	}
	dst.n = make([]float64, 1)
	dst.n[0] = src.n
	if len(src.arr) >= 1 {
		dst.arr.bar = src.arr[0].bar
	}
	dst.strs = src.strs
	dst.sarr = make([]struct {
		bar int
		hii float32
	}, len(src.sarr))
	for i := range src.sarr {
		dst.sarr[i].bar = src.sarr[i].bar
	}
	return
}
